[94624:95856:1001/231304.252:WARNING:kernel_parameter_setter.cc(150)] [KernelParameterSetter] NotifyDoublePinyinSchemeChanged failed, scheme=Sogou status=1
[94624:95856:1001/231304.253:WARNING:t_skinfilemap.cpp(56)] SGRenderLog:CheckUpdate newMem.OpenMem failed, szNewMem:Local\sgime_skin.v9.filemap.sogouime err:系统错误2: 系统找不到指定的文件。  
打开Filemap失败: Local\sgime_skin.v9.filemap.sogouime4952863fd27
[94624:95856:1001/231304.253:WARNING:t_skinfilemap.cpp(65)] SGRenderLog:CheckUpdate finish: old version:1
[94624:95856:1001/231304.253:WARNING:t_skinfilemap.cpp(67)] SGRenderLog:CheckUpdate finish: new version:9
[94624:95856:1001/231304.311:WARNING:t_skinfilemap.cpp(63)] SGRenderLog:CheckUpdate newMem.OpenMem Suc, szNewMem:Local\sgime_skin.Dpi110.v9.filemap.sogouime
[94624:95856:1001/231304.311:WARNING:t_skinfilemap.cpp(65)] SGRenderLog:CheckUpdate finish: old version:9
[94624:95856:1001/231304.311:WARNING:t_skinfilemap.cpp(67)] SGRenderLog:CheckUpdate finish: new version:9
[94624:95856:1001/231304.676:WARNING:kernel_parameter_setter.cc(150)] [KernelParameterSetter] NotifyDoublePinyinSchemeChanged failed, scheme=Sogou status=1
[94624:95856:1001/231305.066:WARNING:kernel_parameter_setter.cc(150)] [KernelParameterSetter] NotifyDoublePinyinSchemeChanged failed, scheme=Sogou status=1
[94624:95856:1001/231305.411:WARNING:kernel_parameter_setter.cc(150)] [KernelParameterSetter] NotifyDoublePinyinSchemeChanged failed, scheme=Sogou status=1
[94624:95856:1001/231305.654:WARNING:kernel_parameter_setter.cc(150)] [KernelParameterSetter] NotifyDoublePinyinSchemeChanged failed, scheme=Sogou status=1
[94624:95856:1001/231305.968:WARNING:kernel_parameter_setter.cc(150)] [KernelParameterSetter] NotifyDoublePinyinSchemeChanged failed, scheme=Sogou status=1
[94624:95856:1001/231306.200:WARNING:kernel_parameter_setter.cc(150)] [KernelParameterSetter] NotifyDoublePinyinSchemeChanged failed, scheme=Sogou status=1
[94624:95856:1001/231306.461:WARNING:kernel_parameter_setter.cc(150)] [KernelParameterSetter] NotifyDoublePinyinSchemeChanged failed, scheme=Sogou status=1
[94624:95856:1001/231306.657:WARNING:kernel_parameter_setter.cc(150)] [KernelParameterSetter] NotifyDoublePinyinSchemeChanged failed, scheme=Sogou status=1
[94624:95856:1001/231308.068:WARNING:kernel_parameter_setter.cc(150)] [KernelParameterSetter] NotifyDoublePinyinSchemeChanged failed, scheme=Sogou status=1
[94624:95856:1001/231308.674:WARNING:kernel_parameter_setter.cc(150)] [KernelParameterSetter] NotifyDoublePinyinSchemeChanged failed, scheme=Sogou status=1
[94624:95856:1001/231309.074:WARNING:kernel_parameter_setter.cc(150)] [KernelParameterSetter] NotifyDoublePinyinSchemeChanged failed, scheme=Sogou status=1
[94624:95856:1001/231309.342:WARNING:kernel_parameter_setter.cc(150)] [KernelParameterSetter] NotifyDoublePinyinSchemeChanged failed, scheme=Sogou status=1
[94624:95856:1001/231309.607:WARNING:kernel_parameter_setter.cc(150)] [KernelParameterSetter] NotifyDoublePinyinSchemeChanged failed, scheme=Sogou status=1
[96372:95736:1001/231326.644:WARNING:kernel_parameter_setter.cc(150)] [KernelParameterSetter] NotifyDoublePinyinSchemeChanged failed, scheme=Sogou status=1
[96372:95736:1001/231326.644:WARNING:t_skinfilemap.cpp(56)] SGRenderLog:CheckUpdate newMem.OpenMem failed, szNewMem:Local\sgime_skin.v9.filemap.sogouime err:系统错误2: 系统找不到指定的文件。  
打开Filemap失败: Local\sgime_skin.v9.filemap.sogouime4952863fd27
[96372:95736:1001/231326.644:WARNING:t_skinfilemap.cpp(65)] SGRenderLog:CheckUpdate finish: old version:1
[96372:95736:1001/231326.644:WARNING:t_skinfilemap.cpp(67)] SGRenderLog:CheckUpdate finish: new version:9
[96372:95736:1001/231326.695:WARNING:t_skinfilemap.cpp(63)] SGRenderLog:CheckUpdate newMem.OpenMem Suc, szNewMem:Local\sgime_skin.Dpi110.v9.filemap.sogouime
[96372:95736:1001/231326.695:WARNING:t_skinfilemap.cpp(65)] SGRenderLog:CheckUpdate finish: old version:9
[96372:95736:1001/231326.695:WARNING:t_skinfilemap.cpp(67)] SGRenderLog:CheckUpdate finish: new version:9
[96372:95736:1001/231327.050:WARNING:kernel_parameter_setter.cc(150)] [KernelParameterSetter] NotifyDoublePinyinSchemeChanged failed, scheme=Sogou status=1
[96372:95736:1001/231327.444:WARNING:kernel_parameter_setter.cc(150)] [KernelParameterSetter] NotifyDoublePinyinSchemeChanged failed, scheme=Sogou status=1
[96372:95736:1001/231327.779:WARNING:kernel_parameter_setter.cc(150)] [KernelParameterSetter] NotifyDoublePinyinSchemeChanged failed, scheme=Sogou status=1
[96372:95736:1001/231328.132:WARNING:kernel_parameter_setter.cc(150)] [KernelParameterSetter] NotifyDoublePinyinSchemeChanged failed, scheme=Sogou status=1
[96372:95736:1001/231328.350:WARNING:kernel_parameter_setter.cc(150)] [KernelParameterSetter] NotifyDoublePinyinSchemeChanged failed, scheme=Sogou status=1
[96372:95736:1001/231328.612:WARNING:kernel_parameter_setter.cc(150)] [KernelParameterSetter] NotifyDoublePinyinSchemeChanged failed, scheme=Sogou status=1
[96372:95736:1001/231328.906:WARNING:kernel_parameter_setter.cc(150)] [KernelParameterSetter] NotifyDoublePinyinSchemeChanged failed, scheme=Sogou status=1
[96372:95736:1001/231329.065:WARNING:kernel_parameter_setter.cc(150)] [KernelParameterSetter] NotifyDoublePinyinSchemeChanged failed, scheme=Sogou status=1
[96372:95736:1001/231330.497:WARNING:kernel_parameter_setter.cc(150)] [KernelParameterSetter] NotifyDoublePinyinSchemeChanged failed, scheme=Sogou status=1
[96372:95736:1001/231331.160:WARNING:kernel_parameter_setter.cc(150)] [KernelParameterSetter] NotifyDoublePinyinSchemeChanged failed, scheme=Sogou status=1
[96372:95736:1001/231331.755:WARNING:kernel_parameter_setter.cc(150)] [KernelParameterSetter] NotifyDoublePinyinSchemeChanged failed, scheme=Sogou status=1
[96372:95736:1001/231332.094:WARNING:kernel_parameter_setter.cc(150)] [KernelParameterSetter] NotifyDoublePinyinSchemeChanged failed, scheme=Sogou status=1
[96372:95736:1001/231332.330:WARNING:kernel_parameter_setter.cc(150)] [KernelParameterSetter] NotifyDoublePinyinSchemeChanged failed, scheme=Sogou status=1
