[22:47:36] [INFO] [I18n] 已加载语言 (QM): 简体中文 (zh)
[22:47:36] [INFO] [I18n] 语言设置: 简体中文
[22:47:36] [INFO] [Preload] 截图模块预加载完成
[22:47:36] [INFO] [OCR] 开始在后台线程预加载 OCR 模块和引擎...
[22:47:36] [INFO] [OCR] 自动选择引擎: ppocr_rust (ppocr_rust 原生引擎)
[22:47:36] [INFO] [OCR] OCR 预加载成功
[22:47:37] [INFO] [Clipboard] 管理器初始化成功
[22:47:37] [INFO] [Clipboard] 历史限制设置为: 1000
[22:47:37] [INFO] [Clipboard] 开始监听剪贴板
[22:47:37] [INFO] [Clipboard] 剪贴板监听已按设置启动
[22:47:37] [INFO] [Hotkey] 截图热键已注册: ctrl+1
[22:47:37] [INFO] [Hotkey] 智能翻译热键已注册: alt+a
[22:47:37] [INFO] [Hotkey] 剪贴板热键已注册: ctrl+2
[22:47:37] [INFO] [Hotkey] 剪贴板备用热键 win+v 注册失败（可能被系统占用）
[22:47:37] [INFO] [PinManager] 钉图管理器已初始化
[22:48:08] [INFO] [MainApp] 启动后台截图线程
[22:48:12] [INFO] [ScreenshotWindow] 截图会话资源释放完成
[22:48:12] [INFO] [MainApp] 启动后台截图线程
[22:48:14] [INFO] [ScreenshotWindow] 截图会话资源释放完成
[22:48:21] [INFO] [MainApp] 启动后台截图线程
[22:48:25] [INFO] [ScreenshotWindow] 截图会话资源释放完成
